#include "classdesc.h"
#if defined(__GNUC__) && !defined(__ICC) && !defined(__clang__)
#pragma GCC diagnostic push
#pragma GCC diagnostic ignored "-Wunused-function"
#pragma GCC diagnostic ignored "-Wunused-local-typedefs"
#endif
#include "p_base.h"
namespace classdesc {
template <class C,class M>
void p_type(p_t&,const string&,M);
}
using classdesc::p_type;
namespace classdesc_access {
template <> struct access_p<class ::foo > {
template <class _CD_ARG_TYPE>
void operator()(classdesc::p_t& targ, const classdesc::string& desc,_CD_ARG_TYPE& arg)
{
::p(targ,desc+".a",arg.a);
::p(targ,desc+".b",arg.b);
::p(targ,desc+".c",arg.c);
}
template <class _CD_TYPE>
void type(classdesc::p_t& targ, const classdesc::string& desc)
{
}
};
template <> struct access_p<struct ::bar > {
template <class _CD_ARG_TYPE>
void operator()(classdesc::p_t& targ, const classdesc::string& desc,_CD_ARG_TYPE& arg)
{
::p(targ,desc+".d",arg.d);
}
template <class _CD_TYPE>
void type(classdesc::p_t& targ, const classdesc::string& desc)
{
}
};
template <> struct access_p< ::bamboo > {
template <class _CD_ARG_TYPE>
void operator()(classdesc::p_t& targ, const classdesc::string& desc,_CD_ARG_TYPE& arg)
{
::p(targ,desc+".e",arg.e);
::p(targ,desc+".f",arg.f);
}
template <class _CD_TYPE>
void type(classdesc::p_t& targ, const classdesc::string& desc)
{
}
};
}
#if defined(__GNUC__) && !defined(__ICC) && !defined(__clang__)
#pragma GCC diagnostic pop
#endif
